<html>
<body>
<pre>
<h1>µVision Build Log</h1>
<h2>Tool Versions:</h2>
IDE-Version: µVision V5.23.0.0
Copyright (C) 2017 ARM Ltd and ARM Germany GmbH. All rights reserved.
License Information: han Microsoft, Microsoft, LIC=3UUKP-M9MW4-IM59B-2XG6H-7AGNB-KGDEU
 
Tool Versions:
Toolchain:       MDK-ARM Professional  Version: 5.23
Toolchain Path:  C:\Keil_v5\ARM\ARMCC\Bin
C Compiler:      Armcc.exe V5.06 update 4 (build 422)
Assembler:       Armasm.exe V5.06 update 4 (build 422)
Linker/Locator:  ArmLink.exe V5.06 update 4 (build 422)
Library Manager: ArmAr.exe V5.06 update 4 (build 422)
Hex Converter:   FromElf.exe V5.06 update 4 (build 422)
CPU DLL:         SARMCM3.DLL V5.23
Dialog DLL:      DARMSTM.DLL V1.68.0.0
Target DLL:      Segger\JL2CM3.dll V2.99.23.0
Dialog DLL:      TARMSTM.DLL V1.66.0.0
 
<h2>Project:</h2>
X:\NEW-BOARD\cutbox\cutbox.uvprojx
Project File Date:  12/04/2017

<h2>Output:</h2>
*** Using Compiler 'V5.06 update 4 (build 422)', folder: 'C:\Keil_v5\ARM\ARMCC\Bin'
Build target 'Target 1'
compiling tim3lamp.c...
User\tim3lamp.c(60): warning:  #188-D: enumerated type mixed with another type
        
ED(led_onoff);
User\tim3lamp.c(80): warning:  #188-D: enumerated type mixed with another type
                
AMP(led_onoff);
User\tim3lamp.c(84): warning:  #188-D: enumerated type mixed with another type
                
AMP(led_onoff);
User\tim3lamp.c(97): warning:  #188-D: enumerated type mixed with another type
                
AMP(led_onoff);
User\tim3lamp.c: 4 warnings, 0 errors
linking...
Program Size: Code=7504 RO-data=268 RW-data=68 ZI-data=1644  
FromELF: creating hex file...
".\Objects\high.axf" - 0 Error(s), 4 Warning(s).

<h2>Collection of Component include folders:</h2>
  .\RTE\_Target_1
  C:\Keil_v5\ARM\PACK\Keil\STM32F1xx_DFP\2.0.0\Device\Include

<h2>Collection of Component Files used:</h2>
Build Time Elapsed:  00:00:05
</pre>
</body>
</html>
